#-----------------------------------------------------------
# Vivado v2018.3 (64-bit)
# SW Build 2405991 on Thu Dec  6 23:36:41 MST 2018
# IP Build 2404404 on Fri Dec  7 01:43:56 MST 2018
# Start of session at: Sat May 25 09:46:49 2019
# Process ID: 19357
# Current directory: /home/lhq/Workspace/MIPS
# Command line: vivado
# Log file: /home/lhq/Workspace/MIPS/vivado.log
# Journal file: /home/lhq/Workspace/MIPS/vivado.jou
#-----------------------------------------------------------
start_gui
open_project /home/lhq/Workspace/MIPS/pipeline/lab3-pipeline/lab3-pipeline.xpr
update_compile_order -fileset sources_1
set_property SOURCE_SET sources_1 [get_filesets sim_1]
add_files -fileset sim_1 -norecurse /home/lhq/Workspace/MIPS/pipeline/testbench.v
update_compile_order -fileset sim_1
# Disabling source management mode.  This is to allow the top design properties to be set without GUI intervention.
set_property source_mgmt_mode None [current_project]
set_property top Instr_tb [get_filesets sim_1]
set_property top_lib xil_defaultlib [get_filesets sim_1]
# Re-enabling previously disabled source management mode.
set_property source_mgmt_mode All [current_project]
update_compile_order -fileset sim_1
launch_simulation
source Instr_tb.tcl
relaunch_sim
# Disabling source management mode.  This is to allow the top design properties to be set without GUI intervention.
set_property source_mgmt_mode None [current_project]
set_property top MIPS_tb [get_filesets sim_1]
set_property top_lib xil_defaultlib [get_filesets sim_1]
# Re-enabling previously disabled source management mode.
set_property source_mgmt_mode All [current_project]
close_sim
launch_simulation
source MIPS_tb.tcl
close_sim
launch_simulation
source MIPS_tb.tcl
close_sim
launch_simulation
source MIPS_tb.tcl
relaunch_sim
close_sim
launch_simulation
source MIPS_tb.tcl
relaunch_sim
relaunch_sim
relaunch_sim
close_sim
launch_simulation
source MIPS_tb.tcl
relaunch_sim
run all
close_sim
launch_simulation
source MIPS_tb.tcl
close_sim
launch_simulation
source MIPS_tb.tcl
close_sim
launch_simulation
source MIPS_tb.tcl
close_sim
launch_simulation
source MIPS_tb.tcl
close_sim
launch_simulation
source MIPS_tb.tcl
launch_runs synth_1
wait_on_run synth_1
launch_runs impl_1
wait_on_run impl_1
launch_runs impl_1 -to_step write_bitstream
wait_on_run impl_1
open_hw
connect_hw_server
open_hw_target
set_property PROGRAM.FILE {/home/lhq/Workspace/MIPS/pipeline/lab3-pipeline/lab3-pipeline.runs/impl_1/top.bit} [get_hw_devices xc7a100t_0]
current_hw_device [get_hw_devices xc7a100t_0]
refresh_hw_device -update_hw_probes false [lindex [get_hw_devices xc7a100t_0] 0]
set_property PROBES.FILE {} [get_hw_devices xc7a100t_0]
set_property FULL_PROBES.FILE {} [get_hw_devices xc7a100t_0]
set_property PROGRAM.FILE {/home/lhq/Workspace/MIPS/pipeline/lab3-pipeline/lab3-pipeline.runs/impl_1/top.bit} [get_hw_devices xc7a100t_0]
program_hw_devices [get_hw_devices xc7a100t_0]
refresh_hw_device [lindex [get_hw_devices xc7a100t_0] 0]
close_sim
